[www.egekimya.com/en/products/metal-salts-48/battery-chemicals-60/index927f.html]
[backblue.gif]
[fade.gif]
[index.html]
[www.egekimya.com/r/w-1200_h-628_zc-2/logo/logo1.png]
[www.egekimya.com/r/w-57_h-57_zc-2/logo/favicon.png]
[www.egekimya.com/r/w-60_h-60_zc-2/logo/favicon.png]
[www.egekimya.com/r/w-72_h-72_zc-2/logo/favicon.png]
[www.egekimya.com/r/w-76_h-76_zc-2/logo/favicon.png]
[www.egekimya.com/r/w-114_h-114_zc-2/logo/favicon.png]
[www.egekimya.com/r/w-120_h-120_zc-2/logo/favicon.png]
[www.egekimya.com/r/w-144_h-144_zc-2/logo/favicon.png]
[www.egekimya.com/r/w-152_h-152_zc-2/logo/favicon.png]
[www.egekimya.com/r/w-180_h-180_zc-2/logo/favicon.png]
[www.egekimya.com/r/w-192_h-192_zc-2/logo/favicon.png]
[www.egekimya.com/r/w-32_h-32_zc-2/logo/favicon.png]
[www.egekimya.com/r/w-96_h-96_zc-2/logo/favicon.png]
[www.egekimya.com/r/w-16_h-16_zc-2/logo/favicon.png]
[cdnjs.cloudflare.com/ajax/libs/font-awesome/4.7.0/css/font-awesome.min.css]
[mc.yandex.ru/metrika/tag.js]
[www.egekimya.com/uploads/logo/logo1.png]
[www.egekimya.com/uploads/logo/f-logo2.png]
[www.egekimya.com/lib/default/1528309052/js/jquery-3.3.1.min.js]
[www.egekimya.com/en/products/metal-salts-48/battery-chemicals-60/index.html]
[www.egekimya.com/lib/default/1527523300/js/popper.min.js]
[www.egekimya.com/lib/default/1533832750/js/bootstrap.min.js]
[www.egekimya.com/lib/default/1504624638/js/dotdotdot.js]
[www.egekimya.com/lib/default/1526904542/js/jquery.fancybox.min.js]
[www.egekimya.com/lib/default/1532364074/js/slick-animation.min.js]
[www.egekimya.com/lib/default/1530634560/js/slick.min.js]
[www.egekimya.com/lib/default/1550606224/js/ready.js]
[www.egekimya.com/front/form.js]
[www.egekimya.com/front/block.js]
[www.egekimya.com/front/toastr.js]
[www.google.com/recaptcha/api.js]
[www.egekimya.com/en/products/metal-salts-48/battery-chemicals-60/index927f.html]
[cdnjs.cloudflare.com/ajax/libs/font-awesome/4.7.0/css/font-awesome.min.css]
[www.egekimya.com/lib/default/1527523208/css/bootstrap.min.css]
[www.egekimya.com/lib/default/1526904542/css/fancybox.css]
[www.egekimya.com/lib/default/1532364068/css/animate.min.css]
[www.egekimya.com/lib/default/1530634522/css/slick.css]
[www.egekimya.com/lib/default/1534148226/css/hvr_menu.css]
[www.egekimya.com/lib/default/1575020672/images/white_line.png]
[www.egekimya.com/lib/default/1575020672/images/blue_line.png]
[www.egekimya.com/lib/default/1575020672/images/pro_bg.jpg]
[www.egekimya.com/lib/default/1575020672/images/video.jpg]
[www.egekimya.com/lib/default/1575020672/images/slider2.jpg]
[www.egekimya.com/lib/default/1575020672/images/iwt.png]
[www.egekimya.com/lib/default/1575020672/css/style.css]
[www.egekimya.com/en/products/metal-salts-48/battery-chemicals-60/index.html]
[www.egekimya.com/front/toastr.css]
